exports[`PositiveCounter > should render counts #0`] = `
<span>Value: 3<button class="decrement">−</button><button class="increment">+</button></span>
`;

exports[`PositiveCounter > should render counts #1`] = `
<span>Value: 5<button class="decrement">−</button><button class="increment">+</button></span>
`;

exports[`PositiveCounter > should not go negative #0`] = `
<span>Value: 0<button class="decrement">−</button><button class="increment">+</button></span>
`;

exports[`PositiveCounter > snapshots the component state #0`] =
{
  "count": 4
};
